


ARM Macro Assembler    Page 1 


    1 00000000         ;ARM_NULL_STRING
    2 00000000         ;Program to find length of a string
    3 00000000                 AREA             STRING, CODE, READONLY
    4 00000000                 ENTRY
    5 00000000         
    6 00000000 E3A00000        MOV              R0, #00
    7 00000004 E59F102C        LDR              R1, =TEXT
    8 00000008         
    9 00000008 E4D12001 
                       BACK    LDRB             R2, [R1], #01
   10 0000000C E3520030        CMP              R2, #'0'    ; 0 indicate end of
                                                             string
   11 00000010 0A000001        BEQ              STOP
   12 00000014 E2800001        ADD              R0, R0, #01
   13 00000018 EAFFFFFA        B                BACK
   14 0000001C         STOP
   15 0000001C E3A03101        MOV              R3, #0x40000000 
                                                            ;Result location
   16 00000020 E5830000        STR              R0, [R3]
   17 00000024 EF000011        SWI              &11
   18 00000028 45 4C 45 
              43 54 52 
              4F 4E 49 
              43 53 20 
              30       TEXT    DCB              "ELECTRONICS 0"
   19 00000035                 END
              00 00 00 
              00000000 
Command Line: --debug --xref --diag_suppress=9931 --apcs=interwork --depend=.\o
bjects\1.d -o.\objects\1.o -IC:\Keil_v5\ARM\RV31\INC -IC:\Keil_v5\ARM\CMSIS\Inc
lude -IC:\Keil_v5\ARM\INC\Philips --predefine="__EVAL SETA 1" --predefine="__UV
ISION_VERSION SETA 529" --list=.\listings\1.lst 1.s



ARM Macro Assembler    Page 1 Alphabetic symbol ordering
Relocatable symbols

BACK 00000008

Symbol: BACK
   Definitions
      At line 9 in file 1.s
   Uses
      At line 13 in file 1.s
Comment: BACK used once
STOP 0000001C

Symbol: STOP
   Definitions
      At line 14 in file 1.s
   Uses
      At line 11 in file 1.s
Comment: STOP used once
STRING 00000000

Symbol: STRING
   Definitions
      At line 3 in file 1.s
   Uses
      None
Comment: STRING unused
TEXT 00000028

Symbol: TEXT
   Definitions
      At line 18 in file 1.s
   Uses
      At line 7 in file 1.s
Comment: TEXT used once
4 symbols
338 symbols in table
