


ARM Macro Assembler    Page 1 


    1 00000000         ;64BIT_ADDITION
    2 00000000         ;Addition of 64 bit numbers
    3 00000000                 AREA             SIXTYBIT, CODE, READONLY
    4 00000000         ENTRY
    5 00000000 E59F0014        LDR              R0, =0x11111111 ;Most significa
                                                            nt 32 bits of fisrt
                                                             number
    6 00000004 E59F1014        LDR              R1, =0x22222222 ;Least signific
                                                            ant 32 bits of firs
                                                            t number
    7 00000008         ;0x 0001 0001 0001 0001 0001 0001 0001 0001 0010 0010 00
                       10 0010 0010 0010 0010 0010
    8 00000008 E59F2014        LDR              R2, =0x33333333 ;Most significa
                                                            nt 32 bits of secon
                                                            d number
    9 0000000C E59F3014        LDR              R3, =0x44444444 ;Least signific
                                                            ant 32 bits of seco
                                                            nd number
   10 00000010         ;0x 0011 0011 0011 0011 0011 0011 0011 0011 0100 0100 01
                       00 0100 0100 0100 0100 0100
   11 00000010 E0914003        ADDS             R4, R1, R3
   12 00000014 E0A05002        ADC              R5, R0, R2
   13 00000018 EF000011        SWI              &11
   14 0000001C                 END
              11111111 
              22222222 
              33333333 
              44444444 
Command Line: --debug --xref --diag_suppress=9931 --apcs=interwork --depend=.\o
bjects\2.d -o.\objects\2.o -IC:\Keil_v5\ARM\RV31\INC -IC:\Keil_v5\ARM\CMSIS\Inc
lude -IC:\Keil_v5\ARM\INC\Philips --predefine="__EVAL SETA 1" --predefine="__UV
ISION_VERSION SETA 529" --list=.\listings\2.lst 2.s



ARM Macro Assembler    Page 1 Alphabetic symbol ordering
Relocatable symbols

ENTRY 00000000

Symbol: ENTRY
   Definitions
      At line 4 in file 2.s
   Uses
      None
Comment: ENTRY unused
SIXTYBIT 00000000

Symbol: SIXTYBIT
   Definitions
      At line 3 in file 2.s
   Uses
      None
Comment: SIXTYBIT unused
2 symbols
336 symbols in table
